AR feu_tricolore behavioral C:/Xilinx92i/D/exercice1/feurouge/feurouge.vhd sub00/vhpl01 1776966031
EN feurouge NULL C:/Xilinx92i/D/exercice1/feurouge/feurouge.vhw sub00/vhpl02 1778449468
AR feurouge testbench_arch C:/Xilinx92i/D/exercice1/feurouge/feurouge.vhw sub00/vhpl03 1778449469
EN feu_tricolore NULL C:/Xilinx92i/D/exercice1/feurouge/feurouge.vhd sub00/vhpl00 1776966030
